run_id=sglang_gemma4_12b_sidecardeferred010_readwrite_ctx8185_prefix4096_20260615T084646JST
repo_root=/home/jethac/spark_tmp/dgx-spark-hijinks-epoch2-scale
image=ghcr.io/jethac/dgx-spark-hijinks/sglang-gemma4-source-stack@sha256:0bacd437f9917928a9bd7ba0dafbb37516f8e05b4b9727bbff796556c2cc7714
image_digest=ghcr.io/jethac/dgx-spark-hijinks/sglang-gemma4-source-stack@sha256:0bacd437f9917928a9bd7ba0dafbb37516f8e05b4b9727bbff796556c2cc7714
models=google/gemma-4-12B-it
row_labels=fullnvfp4
mem_fraction_static=0.72
page_size=1
context_length=8192
ctx_list=8185
chat_timeout_s=120
request_timeout_s=1800
ppl_timeout_s=1800
allow_known_blocked_sglang_ar_ladder=1
sglang_ar_ladder_override_reason=mail 0161 deferred sidecar via calibration path diagnostic
sglang_ar_server_extra_args=
sglang_allow_retracted_global_scale_diagnostic=0
sglang_ar_claim_audit_strict=0
sglang_ar_claim_audit_max_delta_nats=0.25
blocker_audit=/home/jethac/spark_tmp/dgx-spark-hijinks-epoch2-scale/results/sglang_gemma4_12b_sidecardeferred010_readwrite_ctx8185_prefix4096_20260615T084646JST/blocker_audit.json
started_at=2026-06-15T08:46:47+09:00
22aad9c796baf441030465a1fe927c89cb980291
["ghcr.io/jethac/dgx-spark-hijinks/sglang-gemma4-source-stack@sha256:0bacd437f9917928a9bd7ba0dafbb37516f8e05b4b9727bbff796556c2cc7714"]
               total        used        free      shared  buff/cache   available
Mem:           119Gi       4.1Gi       104Gi        20Mi        12Gi       115Gi
Swap:           15Gi       662Mi        15Gi
