run_id=sglang_gemma4_12b_sidecarcalib010_readwrite_ctx8185_prefix4096_20260615T081751JST
model=google/gemma-4-12B-it
label=fullnvfp4
kv_cache_dtype=fp4_e2m1
mixed_kv=0
image=ghcr.io/jethac/dgx-spark-hijinks/sglang-gemma4-source-stack@sha256:0bacd437f9917928a9bd7ba0dafbb37516f8e05b4b9727bbff796556c2cc7714
image_digest=ghcr.io/jethac/dgx-spark-hijinks/sglang-gemma4-source-stack@sha256:0bacd437f9917928a9bd7ba0dafbb37516f8e05b4b9727bbff796556c2cc7714
mem_fraction_static=0.72
page_size=1
context_length=8192
sglang_source_overlay=1
sglang_fp4_kv_global_scale_multiplier=
sglang_fp4_kv_k_global_scale_multiplier=
sglang_fp4_kv_v_global_scale_multiplier=
sglang_fp4_kv_global_scale_policy=
sglang_fp4_kv_k_global_scale_policy=
sglang_fp4_kv_v_global_scale_policy=
sglang_nvfp4_kv_calib=/hijinks/results/sglang_nvfp4_kv_calib_gemma4_12b_20260615
sglang_fp4_kv_fixed_global_scale=
sglang_fp4_kv_k_fixed_global_scale=
sglang_fp4_kv_v_fixed_global_scale=
sglang_fp4_kv_trace_global_scale=1
sglang_fp4_kv_trace_sf_saturation=
sglang_fp4_kv_trace_layers=
allow_known_blocked_sglang_ar_ladder=1
sglang_ar_ladder_override_reason=mail 0161 sidecar-vs-fixed read/write scale diagnostic
sglang_ar_server_extra_args=
started_at=2026-06-15T08:17:51+09:00
               total        used        free      shared  buff/cache   available
Mem:           119Gi       4.0Gi       100Gi        20Mi        15Gi       115Gi
Swap:           15Gi       640Mi        15Gi
